Archive member included to satisfy reference by file (symbol)

C:/ST/STM32CubeCLT_1.16.0/GNU-tools-for-STM32/bin/../lib/gcc/arm-none-eabi/12.3.1/../../../../arm-none-eabi/lib/thumb/v7e-m+fp/hard\libc_nano.a(libc_a-exit.o)
                              C:/ST/STM32CubeCLT_1.16.0/GNU-tools-for-STM32/bin/../lib/gcc/arm-none-eabi/12.3.1/../../../../arm-none-eabi/lib/thumb/v7e-m+fp/hard/crt0.o (exit)
C:/ST/STM32CubeCLT_1.16.0/GNU-tools-for-STM32/bin/../lib/gcc/arm-none-eabi/12.3.1/../../../../arm-none-eabi/lib/thumb/v7e-m+fp/hard\libc_nano.a(libc_a-findfp.o)
                              C:/ST/STM32CubeCLT_1.16.0/GNU-tools-for-STM32/bin/../lib/gcc/arm-none-eabi/12.3.1/../../../../arm-none-eabi/lib/thumb/v7e-m+fp/hard\libc_nano.a(libc_a-exit.o) (__stdio_exit_handler)
C:/ST/STM32CubeCLT_1.16.0/GNU-tools-for-STM32/bin/../lib/gcc/arm-none-eabi/12.3.1/../../../../arm-none-eabi/lib/thumb/v7e-m+fp/hard\libc_nano.a(libc_a-fwalk.o)
                              C:/ST/STM32CubeCLT_1.16.0/GNU-tools-for-STM32/bin/../lib/gcc/arm-none-eabi/12.3.1/../../../../arm-none-eabi/lib/thumb/v7e-m+fp/hard\libc_nano.a(libc_a-findfp.o) (_fwalk_sglue)
C:/ST/STM32CubeCLT_1.16.0/GNU-tools-for-STM32/bin/../lib/gcc/arm-none-eabi/12.3.1/../../../../arm-none-eabi/lib/thumb/v7e-m+fp/hard\libc_nano.a(libc_a-stdio.o)
                              C:/ST/STM32CubeCLT_1.16.0/GNU-tools-for-STM32/bin/../lib/gcc/arm-none-eabi/12.3.1/../../../../arm-none-eabi/lib/thumb/v7e-m+fp/hard\libc_nano.a(libc_a-findfp.o) (__sread)
C:/ST/STM32CubeCLT_1.16.0/GNU-tools-for-STM32/bin/../lib/gcc/arm-none-eabi/12.3.1/../../../../arm-none-eabi/lib/thumb/v7e-m+fp/hard\libc_nano.a(libc_a-memset.o)
                              C:/ST/STM32CubeCLT_1.16.0/GNU-tools-for-STM32/bin/../lib/gcc/arm-none-eabi/12.3.1/../../../../arm-none-eabi/lib/thumb/v7e-m+fp/hard/crt0.o (memset)
C:/ST/STM32CubeCLT_1.16.0/GNU-tools-for-STM32/bin/../lib/gcc/arm-none-eabi/12.3.1/../../../../arm-none-eabi/lib/thumb/v7e-m+fp/hard\libc_nano.a(libc_a-closer.o)
                              C:/ST/STM32CubeCLT_1.16.0/GNU-tools-for-STM32/bin/../lib/gcc/arm-none-eabi/12.3.1/../../../../arm-none-eabi/lib/thumb/v7e-m+fp/hard\libc_nano.a(libc_a-stdio.o) (_close_r)
C:/ST/STM32CubeCLT_1.16.0/GNU-tools-for-STM32/bin/../lib/gcc/arm-none-eabi/12.3.1/../../../../arm-none-eabi/lib/thumb/v7e-m+fp/hard\libc_nano.a(libc_a-reent.o)
                              C:/ST/STM32CubeCLT_1.16.0/GNU-tools-for-STM32/bin/../lib/gcc/arm-none-eabi/12.3.1/../../../../arm-none-eabi/lib/thumb/v7e-m+fp/hard\libc_nano.a(libc_a-closer.o) (errno)
C:/ST/STM32CubeCLT_1.16.0/GNU-tools-for-STM32/bin/../lib/gcc/arm-none-eabi/12.3.1/../../../../arm-none-eabi/lib/thumb/v7e-m+fp/hard\libc_nano.a(libc_a-impure.o)
                              C:/ST/STM32CubeCLT_1.16.0/GNU-tools-for-STM32/bin/../lib/gcc/arm-none-eabi/12.3.1/../../../../arm-none-eabi/lib/thumb/v7e-m+fp/hard\libc_nano.a(libc_a-reent.o) (_impure_ptr)
C:/ST/STM32CubeCLT_1.16.0/GNU-tools-for-STM32/bin/../lib/gcc/arm-none-eabi/12.3.1/../../../../arm-none-eabi/lib/thumb/v7e-m+fp/hard\libc_nano.a(libc_a-lseekr.o)
                              C:/ST/STM32CubeCLT_1.16.0/GNU-tools-for-STM32/bin/../lib/gcc/arm-none-eabi/12.3.1/../../../../arm-none-eabi/lib/thumb/v7e-m+fp/hard\libc_nano.a(libc_a-stdio.o) (_lseek_r)
C:/ST/STM32CubeCLT_1.16.0/GNU-tools-for-STM32/bin/../lib/gcc/arm-none-eabi/12.3.1/../../../../arm-none-eabi/lib/thumb/v7e-m+fp/hard\libc_nano.a(libc_a-readr.o)
                              C:/ST/STM32CubeCLT_1.16.0/GNU-tools-for-STM32/bin/../lib/gcc/arm-none-eabi/12.3.1/../../../../arm-none-eabi/lib/thumb/v7e-m+fp/hard\libc_nano.a(libc_a-stdio.o) (_read_r)
C:/ST/STM32CubeCLT_1.16.0/GNU-tools-for-STM32/bin/../lib/gcc/arm-none-eabi/12.3.1/../../../../arm-none-eabi/lib/thumb/v7e-m+fp/hard\libc_nano.a(libc_a-writer.o)
                              C:/ST/STM32CubeCLT_1.16.0/GNU-tools-for-STM32/bin/../lib/gcc/arm-none-eabi/12.3.1/../../../../arm-none-eabi/lib/thumb/v7e-m+fp/hard\libc_nano.a(libc_a-stdio.o) (_write_r)
C:/ST/STM32CubeCLT_1.16.0/GNU-tools-for-STM32/bin/../lib/gcc/arm-none-eabi/12.3.1/../../../../arm-none-eabi/lib/thumb/v7e-m+fp/hard\libc_nano.a(libc_a-init.o)
                              C:/ST/STM32CubeCLT_1.16.0/GNU-tools-for-STM32/bin/../lib/gcc/arm-none-eabi/12.3.1/../../../../arm-none-eabi/lib/thumb/v7e-m+fp/hard/crt0.o (__libc_init_array)
C:/ST/STM32CubeCLT_1.16.0/GNU-tools-for-STM32/bin/../lib/gcc/arm-none-eabi/12.3.1/../../../../arm-none-eabi/lib/thumb/v7e-m+fp/hard\libc_nano.a(libc_a-lock.o)
                              C:/ST/STM32CubeCLT_1.16.0/GNU-tools-for-STM32/bin/../lib/gcc/arm-none-eabi/12.3.1/../../../../arm-none-eabi/lib/thumb/v7e-m+fp/hard\libc_nano.a(libc_a-findfp.o) (__retarget_lock_init_recursive)
C:/ST/STM32CubeCLT_1.16.0/GNU-tools-for-STM32/bin/../lib/gcc/arm-none-eabi/12.3.1/../../../../arm-none-eabi/lib/thumb/v7e-m+fp/hard\libc_nano.a(libc_a-freer.o)
[...]
Memory Configuration

Name             Origin             Length             Attributes
RAM              0x20000000         0x00020000         xrw
FLASH            0x08000000         0x00080000         xr
*default*        0x00000000         0xffffffff

Linker script and memory map

LOAD C:/ST/STM32CubeCLT_1.16.0/GNU-tools-for-STM32/bin/../lib/gcc/arm-none-eabi/12.3.1/thumb/v7e-m+fp/hard/crti.o
LOAD C:/ST/STM32CubeCLT_1.16.0/GNU-tools-for-STM32/bin/../lib/gcc/arm-none-eabi/12.3.1/thumb/v7e-m+fp/hard/crtbegin.o
LOAD C:/ST/STM32CubeCLT_1.16.0/GNU-tools-for-STM32/bin/../lib/gcc/arm-none-eabi/12.3.1/../../../../arm-none-eabi/lib/thumb/v7e-m+fp/hard/crt0.o
START GROUP
LOAD C:/ST/STM32CubeCLT_1.16.0/GNU-tools-for-STM32/bin/../lib/gcc/arm-none-eabi/12.3.1/../../../../arm-none-eabi/lib/thumb/v7e-m+fp/hard\libc_nano.a
LOAD C:/ST/STM32CubeCLT_1.16.0/GNU-tools-for-STM32/bin/../lib/gcc/arm-none-eabi/12.3.1/../../../../arm-none-eabi/lib/thumb/v7e-m+fp/hard\libm.a
END GROUP
LOAD CMakeFiles/TIM2ADC1.dir/Core/Src/main.c.obj
LOAD CMakeFiles/TIM2ADC1.dir/Core/Src/stm32f4xx_it.c.obj
LOAD CMakeFiles/TIM2ADC1.dir/Core/Src/stm32f4xx_hal_msp.c.obj
LOAD CMakeFiles/TIM2ADC1.dir/Drivers/STM32F4xx_HAL_Driver/Src/stm32f4xx_hal_tim.c.obj
LOAD CMakeFiles/TIM2ADC1.dir/Drivers/STM32F4xx_HAL_Driver/Src/stm32f4xx_hal_tim_ex.c.obj
LOAD CMakeFiles/TIM2ADC1.dir/Drivers/STM32F4xx_HAL_Driver/Src/stm32f4xx_hal_rcc.c.obj
LOAD CMakeFiles/TIM2ADC1.dir/Drivers/STM32F4xx_HAL_Driver/Src/stm32f4xx_hal_rcc_ex.c.obj
LOAD CMakeFiles/TIM2ADC1.dir/Drivers/STM32F4xx_HAL_Driver/Src/stm32f4xx_hal_flash.c.obj
LOAD CMakeFiles/TIM2ADC1.dir/Drivers/STM32F4xx_HAL_Driver/Src/stm32f4xx_hal_flash_ex.c.obj
LOAD CMakeFiles/TIM2ADC1.dir/Drivers/STM32F4xx_HAL_Driver/Src/stm32f4xx_hal_flash_ramfunc.c.obj
LOAD CMakeFiles/TIM2ADC1.dir/Drivers/STM32F4xx_HAL_Driver/Src/stm32f4xx_hal_gpio.c.obj
LOAD CMakeFiles/TIM2ADC1.dir/Drivers/STM32F4xx_HAL_Driver/Src/stm32f4xx_hal_dma_ex.c.obj
LOAD CMakeFiles/TIM2ADC1.dir/Drivers/STM32F4xx_HAL_Driver/Src/stm32f4xx_hal_dma.c.obj
LOAD CMakeFiles/TIM2ADC1.dir/Drivers/STM32F4xx_HAL_Driver/Src/stm32f4xx_hal_pwr.c.obj
LOAD CMakeFiles/TIM2ADC1.dir/Drivers/STM32F4xx_HAL_Driver/Src/stm32f4xx_hal_pwr_ex.c.obj
LOAD CMakeFiles/TIM2ADC1.dir/Drivers/STM32F4xx_HAL_Driver/Src/stm32f4xx_hal_cortex.c.obj
LOAD CMakeFiles/TIM2ADC1.dir/Drivers/STM32F4xx_HAL_Driver/Src/stm32f4xx_hal.c.obj
LOAD CMakeFiles/TIM2ADC1.dir/Drivers/STM32F4xx_HAL_Driver/Src/stm32f4xx_hal_exti.c.obj
LOAD CMakeFiles/TIM2ADC1.dir/Core/Src/system_stm32f4xx.c.obj
LOAD CMakeFiles/TIM2ADC1.dir/Core/Src/sysmem.c.obj
LOAD CMakeFiles/TIM2ADC1.dir/Core/Src/syscalls.c.obj
LOAD CMakeFiles/TIM2ADC1.dir/startup_stm32f411xe.s.obj
START GROUP
LOAD C:/ST/STM32CubeCLT_1.16.0/GNU-tools-for-STM32/bin/../lib/gcc/arm-none-eabi/12.3.1/thumb/v7e-m+fp/hard\libgcc.a
LOAD C:/ST/STM32CubeCLT_1.16.0/GNU-tools-for-STM32/bin/../lib/gcc/arm-none-eabi/12.3.1/../../../../arm-none-eabi/lib/thumb/v7e-m+fp/hard\libg_nano.a
LOAD C:/ST/STM32CubeCLT_1.16.0/GNU-tools-for-STM32/bin/../lib/gcc/arm-none-eabi/12.3.1/../../../../arm-none-eabi/lib/thumb/v7e-m+fp/hard\libc_nano.a
END GROUP
START GROUP
LOAD C:/ST/STM32CubeCLT_1.16.0/GNU-tools-for-STM32/bin/../lib/gcc/arm-none-eabi/12.3.1/thumb/v7e-m+fp/hard\libgcc.a
LOAD C:/ST/STM32CubeCLT_1.16.0/GNU-tools-for-STM32/bin/../lib/gcc/arm-none-eabi/12.3.1/../../../../arm-none-eabi/lib/thumb/v7e-m+fp/hard\libc_nano.a
END GROUP
LOAD C:/ST/STM32CubeCLT_1.16.0/GNU-tools-for-STM32/bin/../lib/gcc/arm-none-eabi/12.3.1/thumb/v7e-m+fp/hard/crtend.o
LOAD C:/ST/STM32CubeCLT_1.16.0/GNU-tools-for-STM32/bin/../lib/gcc/arm-none-eabi/12.3.1/thumb/v7e-m+fp/hard/crtn.o
                0x20020000                        _estack = (ORIGIN (RAM) + LENGTH (RAM))
                0x00000200                        _Min_Heap_Size = 0x200
                0x00000400                        _Min_Stack_Size = 0x400

.isr_vector     0x08000000      0x198
                0x08000000                        . = ALIGN (0x4)
 *(.isr_vector)
 .isr_vector    0x08000000      0x198 CMakeFiles/TIM2ADC1.dir/startup_stm32f411xe.s.obj
                0x08000000                g_pfnVectors
                0x08000198                        . = ALIGN (0x4)

.text           0x08000198     0x15a4
                0x08000198                        . = ALIGN (0x4)
 *(.text)
 .text          0x08000198       0x40 C:/ST/STM32CubeCLT_1.16.0/GNU-tools-for-STM32/bin/../lib/gcc/arm-none-eabi/12.3.1/thumb/v7e-m+fp/hard/crtbegin.o
 .text          0x080001d8       0x30 C:/ST/STM32CubeCLT_1.16.0/GNU-tools-for-STM32/bin/../lib/gcc/arm-none-eabi/12.3.1/thumb/v7e-m+fp/hard\libgcc.a(_aeabi_uldivmod.o)
                0x080001d8                __aeabi_uldivmod
 .text          0x08000208      0x2bc C:/ST/STM32CubeCLT_1.16.0/GNU-tools-for-STM32/bin/../lib/gcc/arm-none-eabi/12.3.1/thumb/v7e-m+fp/hard\libgcc.a(_udivmoddi4.o)
                0x08000208                __udivmoddi4
 .text          0x080004c4        0x4 C:/ST/STM32CubeCLT_1.16.0/GNU-tools-for-STM32/bin/../lib/gcc/arm-none-eabi/12.3.1/thumb/v7e-m+fp/hard\libgcc.a(_dvmd_tls.o)
                0x080004c4                __aeabi_idiv0
                0x080004c4                __aeabi_ldiv0
 *(.text*)
 .text.memset   0x080004c8       0x10 C:/ST/STM32CubeCLT_1.16.0/GNU-tools-for-STM32/bin/../lib/gcc/arm-none-eabi/12.3.1/../../../../arm-none-eabi/lib/thumb/v7e-m+fp/hard\libc_nano.a(libc_a-memset.o)
                0x080004c8                memset
 .text.__libc_init_array
                0x080004d8       0x48 C:/ST/STM32CubeCLT_1.16.0/GNU-tools-for-STM32/bin/../lib/gcc/arm-none-eabi/12.3.1/../../../../arm-none-eabi/lib/thumb/v7e-m+fp/hard\libc_nano.a(libc_a-init.o)
                0x080004d8                __libc_init_array
 .text.main     0x08000520       0x3c CMakeFiles/TIM2ADC1.dir/Core/Src/main.c.obj
                0x08000520                main
 .text.SystemClock_Config
                0x0800055c       0xbc CMakeFiles/TIM2ADC1.dir/Core/Src/main.c.obj
                0x0800055c                SystemClock_Config
 .text.MX_GPIO_Init
                0x08000618       0xd4 CMakeFiles/TIM2ADC1.dir/Core/Src/main.c.obj
 .text.Error_Handler
                0x080006ec        0xc CMakeFiles/TIM2ADC1.dir/Core/Src/main.c.obj
                0x080006ec                Error_Handler
 .text.NMI_Handler
                0x080006f8        0x8 CMakeFiles/TIM2ADC1.dir/Core/Src/stm32f4xx_it.c.obj
                0x080006f8                NMI_Handler
 .text.HardFault_Handler
                0x08000700        0x8 CMakeFiles/TIM2ADC1.dir/Core/Src/stm32f4xx_it.c.obj
                0x08000700                HardFault_Handler
 .text.MemManage_Handler
                0x08000708        0x8 CMakeFiles/TIM2ADC1.dir/Core/Src/stm32f4xx_it.c.obj
                0x08000708                MemManage_Handler
 .text.BusFault_Handler
                0x08000710        0x8 CMakeFiles/TIM2ADC1.dir/Core/Src/stm32f4xx_it.c.obj
                0x08000710                BusFault_Handler
 .text.UsageFault_Handler
                0x08000718        0x8 CMakeFiles/TIM2ADC1.dir/Core/Src/stm32f4xx_it.c.obj
                0x08000718                UsageFault_Handler
 .text.SVC_Handler
                0x08000720        0xe CMakeFiles/TIM2ADC1.dir/Core/Src/stm32f4xx_it.c.obj
                0x08000720                SVC_Handler
 .text.DebugMon_Handler
                0x0800072e        0xe CMakeFiles/TIM2ADC1.dir/Core/Src/stm32f4xx_it.c.obj
                0x0800072e                DebugMon_Handler
 .text.PendSV_Handler
                0x0800073c        0xe CMakeFiles/TIM2ADC1.dir/Core/Src/stm32f4xx_it.c.obj
                0x0800073c                PendSV_Handler
 .text.SysTick_Handler
                0x0800074a        0xc CMakeFiles/TIM2ADC1.dir/Core/Src/stm32f4xx_it.c.obj
                0x0800074a                SysTick_Handler
 *fill*         0x08000756        0x2 
 .text.EXTI0_IRQHandler
                0x08000758       0x30 CMakeFiles/TIM2ADC1.dir/Core/Src/stm32f4xx_it.c.obj
                0x08000758                EXTI0_IRQHandler
 .text.HAL_MspInit
                0x08000788       0x50 CMakeFiles/TIM2ADC1.dir/Core/Src/stm32f4xx_hal_msp.c.obj
                0x08000788                HAL_MspInit
 .text.HAL_RCC_OscConfig
                0x080007d8      0x4f0 CMakeFiles/TIM2ADC1.dir/Drivers/STM32F4xx_HAL_Driver/Src/stm32f4xx_hal_rcc.c.obj
                0x080007d8                HAL_RCC_OscConfig
 .text.HAL_RCC_ClockConfig
                0x08000cc8      0x1cc CMakeFiles/TIM2ADC1.dir/Drivers/STM32F4xx_HAL_Driver/Src/stm32f4xx_hal_rcc.c.obj
                0x08000cc8                HAL_RCC_ClockConfig
 .text.HAL_RCC_GetSysClockFreq
                0x08000e94      0x18c CMakeFiles/TIM2ADC1.dir/Drivers/STM32F4xx_HAL_Driver/Src/stm32f4xx_hal_rcc.c.obj
                0x08000e94                HAL_RCC_GetSysClockFreq
 .text.HAL_GPIO_Init
                0x08001020      0x308 CMakeFiles/TIM2ADC1.dir/Drivers/STM32F4xx_HAL_Driver/Src/stm32f4xx_hal_gpio.c.obj
                0x08001020                HAL_GPIO_Init
 .text.HAL_GPIO_WritePin
                0x08001328       0x32 CMakeFiles/TIM2ADC1.dir/Drivers/STM32F4xx_HAL_Driver/Src/stm32f4xx_hal_gpio.c.obj
                0x08001328                HAL_GPIO_WritePin
 *fill*         0x0800135a        0x2 
 .text.HAL_GPIO_EXTI_IRQHandler
                0x0800135c       0x30 CMakeFiles/TIM2ADC1.dir/Drivers/STM32F4xx_HAL_Driver/Src/stm32f4xx_hal_gpio.c.obj
                0x0800135c                HAL_GPIO_EXTI_IRQHandler
 .text.HAL_GPIO_EXTI_Callback
                0x0800138c       0x16 CMakeFiles/TIM2ADC1.dir/Drivers/STM32F4xx_HAL_Driver/Src/stm32f4xx_hal_gpio.c.obj
                0x0800138c                HAL_GPIO_EXTI_Callback
 *fill*         0x080013a2        0x2 
 .text.__NVIC_SetPriorityGrouping
                0x080013a4       0x48 CMakeFiles/TIM2ADC1.dir/Drivers/STM32F4xx_HAL_Driver/Src/stm32f4xx_hal_cortex.c.obj
 .text.__NVIC_GetPriorityGrouping
                0x080013ec       0x1c CMakeFiles/TIM2ADC1.dir/Drivers/STM32F4xx_HAL_Driver/Src/stm32f4xx_hal_cortex.c.obj
 .text.__NVIC_EnableIRQ
                0x08001408       0x3c CMakeFiles/TIM2ADC1.dir/Drivers/STM32F4xx_HAL_Driver/Src/stm32f4xx_hal_cortex.c.obj
 .text.__NVIC_SetPriority
                0x08001444       0x54 CMakeFiles/TIM2ADC1.dir/Drivers/STM32F4xx_HAL_Driver/Src/stm32f4xx_hal_cortex.c.obj
 .text.NVIC_EncodePriority
                0x08001498       0x66 CMakeFiles/TIM2ADC1.dir/Drivers/STM32F4xx_HAL_Driver/Src/stm32f4xx_hal_cortex.c.obj
 *fill*         0x080014fe        0x2 
 .text.SysTick_Config
                0x08001500       0x44 CMakeFiles/TIM2ADC1.dir/Drivers/STM32F4xx_HAL_Driver/Src/stm32f4xx_hal_cortex.c.obj
 .text.HAL_NVIC_SetPriorityGrouping
                0x08001544       0x16 CMakeFiles/TIM2ADC1.dir/Drivers/STM32F4xx_HAL_Driver/Src/stm32f4xx_hal_cortex.c.obj
                0x08001544                HAL_NVIC_SetPriorityGrouping
 .text.HAL_NVIC_SetPriority
                0x0800155a       0x38 CMakeFiles/TIM2ADC1.dir/Drivers/STM32F4xx_HAL_Driver/Src/stm32f4xx_hal_cortex.c.obj
                0x0800155a                HAL_NVIC_SetPriority
 .text.HAL_NVIC_EnableIRQ
                0x08001592       0x1c CMakeFiles/TIM2ADC1.dir/Drivers/STM32F4xx_HAL_Driver/Src/stm32f4xx_hal_cortex.c.obj
                0x08001592                HAL_NVIC_EnableIRQ
 .text.HAL_SYSTICK_Config
                0x080015ae       0x18 CMakeFiles/TIM2ADC1.dir/Drivers/STM32F4xx_HAL_Driver/Src/stm32f4xx_hal_cortex.c.obj
                0x080015ae                HAL_SYSTICK_Config
 *fill*         0x080015c6        0x2 
 .text.HAL_Init
                0x080015c8       0x44 CMakeFiles/TIM2ADC1.dir/Drivers/STM32F4xx_HAL_Driver/Src/stm32f4xx_hal.c.obj
                0x080015c8                HAL_Init
 .text.HAL_InitTick
                0x0800160c       0x60 CMakeFiles/TIM2ADC1.dir/Drivers/STM32F4xx_HAL_Driver/Src/stm32f4xx_hal.c.obj
                0x0800160c                HAL_InitTick
 .text.HAL_IncTick
                0x0800166c       0x28 CMakeFiles/TIM2ADC1.dir/Drivers/STM32F4xx_HAL_Driver/Src/stm32f4xx_hal.c.obj
                0x0800166c                HAL_IncTick
 .text.HAL_GetTick
                0x08001694       0x18 CMakeFiles/TIM2ADC1.dir/Drivers/STM32F4xx_HAL_Driver/Src/stm32f4xx_hal.c.obj
                0x08001694                HAL_GetTick
 .text.SystemInit
                0x080016ac       0x24 CMakeFiles/TIM2ADC1.dir/Core/Src/system_stm32f4xx.c.obj
                0x080016ac                SystemInit
 .text.Reset_Handler
                0x080016d0       0x50 CMakeFiles/TIM2ADC1.dir/startup_stm32f411xe.s.obj
                0x080016d0                Reset_Handler
 .text.Default_Handler
                0x08001720        0x2 CMakeFiles/TIM2ADC1.dir/startup_stm32f411xe.s.obj
                0x08001720                RTC_Alarm_IRQHandler
                0x08001720                EXTI2_IRQHandler
                0x08001720                SPI4_IRQHandler
                0x08001720                TIM1_CC_IRQHandler
                0x08001720                DMA2_Stream5_IRQHandler
                0x08001720                DMA1_Stream5_IRQHandler
                0x08001720                PVD_IRQHandler
                0x08001720                SDIO_IRQHandler
                0x08001720                TAMP_STAMP_IRQHandler
                0x08001720                EXTI3_IRQHandler
                0x08001720                TIM1_UP_TIM10_IRQHandler
                0x08001720                I2C3_ER_IRQHandler
                0x08001720                I2C2_EV_IRQHandler
                0x08001720                DMA1_Stream2_IRQHandler
                0x08001720                FPU_IRQHandler
                0x08001720                DMA2_Stream2_IRQHandler
                0x08001720                SPI1_IRQHandler
                0x08001720                TIM1_BRK_TIM9_IRQHandler
                0x08001720                DMA2_Stream3_IRQHandler
                0x08001720                USART6_IRQHandler
                0x08001720                DMA2_Stream0_IRQHandler
                0x08001720                TIM4_IRQHandler
                0x08001720                I2C1_EV_IRQHandler
                0x08001720                DMA1_Stream6_IRQHandler
                0x08001720                DMA1_Stream1_IRQHandler
                0x08001720                TIM3_IRQHandler
                0x08001720                RCC_IRQHandler
                0x08001720                Default_Handler
                0x08001720                EXTI15_10_IRQHandler
                0x08001720                ADC_IRQHandler
                0x08001720                DMA1_Stream7_IRQHandler
                0x08001720                SPI5_IRQHandler
                0x08001720                TIM5_IRQHandler
                0x08001720                DMA2_Stream7_IRQHandler
                0x08001720                I2C3_EV_IRQHandler
                0x08001720                EXTI9_5_IRQHandler
                0x08001720                RTC_WKUP_IRQHandler
                0x08001720                SPI2_IRQHandler
                0x08001720                DMA1_Stream0_IRQHandler
                0x08001720                EXTI4_IRQHandler
                0x08001720                WWDG_IRQHandler
                0x08001720                TIM2_IRQHandler
                0x08001720                OTG_FS_WKUP_IRQHandler
                0x08001720                TIM1_TRG_COM_TIM11_IRQHandler
                0x08001720                EXTI1_IRQHandler
                0x08001720                USART2_IRQHandler
                0x08001720                I2C2_ER_IRQHandler
                0x08001720                DMA2_Stream1_IRQHandler
                0x08001720                FLASH_IRQHandler
                0x08001720                DMA2_Stream4_IRQHandler
                0x08001720                USART1_IRQHandler
                0x08001720                OTG_FS_IRQHandler
                0x08001720                SPI3_IRQHandler
                0x08001720                DMA1_Stream4_IRQHandler
                0x08001720                I2C1_ER_IRQHandler
                0x08001720                DMA2_Stream6_IRQHandler
                0x08001720                DMA1_Stream3_IRQHandler
 *(.glue_7)
 .glue_7        0x08001722        0x0 linker stubs
 *(.glue_7t)
 .glue_7t       0x08001722        0x0 linker stubs
 *(.eh_frame)
 *fill*         0x08001722        0x2 
 .eh_frame      0x08001724        0x0 C:/ST/STM32CubeCLT_1.16.0/GNU-tools-for-STM32/bin/../lib/gcc/arm-none-eabi/12.3.1/thumb/v7e-m+fp/hard/crtbegin.o
 *(.init)
 .init          0x08001724        0x4 C:/ST/STM32CubeCLT_1.16.0/GNU-tools-for-STM32/bin/../lib/gcc/arm-none-eabi/12.3.1/thumb/v7e-m+fp/hard/crti.o
                0x08001724                _init
 .init          0x08001728        0x8 C:/ST/STM32CubeCLT_1.16.0/GNU-tools-for-STM32/bin/../lib/gcc/arm-none-eabi/12.3.1/thumb/v7e-m+fp/hard/crtn.o
 *(.fini)
 .fini          0x08001730        0x4 C:/ST/STM32CubeCLT_1.16.0/GNU-tools-for-STM32/bin/../lib/gcc/arm-none-eabi/12.3.1/thumb/v7e-m+fp/hard/crti.o
                0x08001730                _fini
 .fini          0x08001734        0x8 C:/ST/STM32CubeCLT_1.16.0/GNU-tools-for-STM32/bin/../lib/gcc/arm-none-eabi/12.3.1/thumb/v7e-m+fp/hard/crtn.o
                0x0800173c                        . = ALIGN (0x4)
                0x0800173c                        _etext = .

.vfp11_veneer   0x0800173c        0x0
 .vfp11_veneer  0x0800173c        0x0 linker stubs

.v4_bx          0x0800173c        0x0
 .v4_bx         0x0800173c        0x0 linker stubs

.iplt           0x0800173c        0x0
 .iplt          0x0800173c        0x0 C:/ST/STM32CubeCLT_1.16.0/GNU-tools-for-STM32/bin/../lib/gcc/arm-none-eabi/12.3.1/thumb/v7e-m+fp/hard/crtbegin.o

.rodata         0x0800173c       0x10
                0x0800173c                        . = ALIGN (0x4)
 *(.rodata)
 *(.rodata*)
 .rodata.AHBPrescTable
                0x0800173c       0x10 CMakeFiles/TIM2ADC1.dir/Core/Src/system_stm32f4xx.c.obj
                0x0800173c                AHBPrescTable
                0x0800174c                        . = ALIGN (0x4)

.ARM.extab
 *(.ARM.extab* .gnu.linkonce.armextab.*)

.ARM            0x0800174c        0x8
                0x0800174c                        __exidx_start = .
 *(.ARM.exidx*)
 .ARM.exidx     0x0800174c        0x8 C:/ST/STM32CubeCLT_1.16.0/GNU-tools-for-STM32/bin/../lib/gcc/arm-none-eabi/12.3.1/thumb/v7e-m+fp/hard\libgcc.a(_udivmoddi4.o)
                0x08001754                        __exidx_end = .

.rel.dyn        0x08001754        0x0
 .rel.iplt      0x08001754        0x0 C:/ST/STM32CubeCLT_1.16.0/GNU-tools-for-STM32/bin/../lib/gcc/arm-none-eabi/12.3.1/thumb/v7e-m+fp/hard/crtbegin.o

.preinit_array  0x08001754        0x0
                0x08001754                        PROVIDE (__preinit_array_start = .)
 *(.preinit_array*)
                0x08001754                        PROVIDE (__preinit_array_end = .)

.init_array     0x08001754        0x4
                0x08001754                        PROVIDE (__init_array_start = .)
 *(SORT_BY_NAME(.init_array.*))
 *(.init_array*)
 .init_array    0x08001754        0x4 C:/ST/STM32CubeCLT_1.16.0/GNU-tools-for-STM32/bin/../lib/gcc/arm-none-eabi/12.3.1/thumb/v7e-m+fp/hard/crtbegin.o
                0x08001758                        PROVIDE (__init_array_end = .)

.fini_array     0x08001758        0x4
                [!provide]                        PROVIDE (__fini_array_start = .)
 *(SORT_BY_NAME(.fini_array.*))
 *(.fini_array*)
 .fini_array    0x08001758        0x4 C:/ST/STM32CubeCLT_1.16.0/GNU-tools-for-STM32/bin/../lib/gcc/arm-none-eabi/12.3.1/thumb/v7e-m+fp/hard/crtbegin.o
                [!provide]                        PROVIDE (__fini_array_end = .)
                0x0800175c                        _sidata = LOADADDR (.data)

.data           0x20000000        0xc load address 0x0800175c
                0x20000000                        . = ALIGN (0x4)
                0x20000000                        _sdata = .
 *(.data)
 *(.data*)
 .data.uwTickPrio
                0x20000000        0x4 CMakeFiles/TIM2ADC1.dir/Drivers/STM32F4xx_HAL_Driver/Src/stm32f4xx_hal.c.obj
                0x20000000                uwTickPrio
 .data.uwTickFreq
                0x20000004        0x1 CMakeFiles/TIM2ADC1.dir/Drivers/STM32F4xx_HAL_Driver/Src/stm32f4xx_hal.c.obj
                0x20000004                uwTickFreq
 *fill*         0x20000005        0x3 
 .data.SystemCoreClock
                0x20000008        0x4 CMakeFiles/TIM2ADC1.dir/Core/Src/system_stm32f4xx.c.obj
                0x20000008                SystemCoreClock
                0x2000000c                        . = ALIGN (0x4)
                0x2000000c                        _edata = .

.igot.plt       0x2000000c        0x0 load address 0x08001768
 .igot.plt      0x2000000c        0x0 C:/ST/STM32CubeCLT_1.16.0/GNU-tools-for-STM32/bin/../lib/gcc/arm-none-eabi/12.3.1/thumb/v7e-m+fp/hard/crtbegin.o
                0x2000000c                        . = ALIGN (0x4)

.bss            0x2000000c       0x24 load address 0x08001768
                0x2000000c                        _sbss = .
                0x2000000c                        __bss_start__ = _sbss
 *(.bss)
 .bss           0x2000000c       0x1c C:/ST/STM32CubeCLT_1.16.0/GNU-tools-for-STM32/bin/../lib/gcc/arm-none-eabi/12.3.1/thumb/v7e-m+fp/hard/crtbegin.o
 *(.bss*)
 .bss.BLUELED   0x20000028        0x1 CMakeFiles/TIM2ADC1.dir/Core/Src/main.c.obj
                0x20000028                BLUELED
 *fill*         0x20000029        0x3 
 .bss.uwTick    0x2000002c        0x4 CMakeFiles/TIM2ADC1.dir/Drivers/STM32F4xx_HAL_Driver/Src/stm32f4xx_hal.c.obj
                0x2000002c                uwTick
 *(COMMON)
                0x20000030                        . = ALIGN (0x4)
                0x20000030                        _ebss = .
                0x20000030                        __bss_end__ = _ebss

._user_heap_stack
                0x20000030      0x600 load address 0x08001768
                0x20000030                        . = ALIGN (0x8)
                [!provide]                        PROVIDE (end = .)
                0x20000030                        PROVIDE (_end = .)
                0x20000230                        . = (. + _Min_Heap_Size)
 *fill*         0x20000030      0x200 
                0x20000630                        . = (. + _Min_Stack_Size)
 *fill*         0x20000230      0x400 
                0x20000630                        . = ALIGN (0x8)

/DISCARD/
 libc.a(*)
 libm.a(*)
 libgcc.a(*)

.ARM.attributes
                0x00000000       0x30
 *(.ARM.attributes)
 .ARM.attributes
                0x00000000       0x22 C:/ST/STM32CubeCLT_1.16.0/GNU-tools-for-STM32/bin/../lib/gcc/arm-none-eabi/12.3.1/thumb/v7e-m+fp/hard/crti.o
 .ARM.attributes
                0x00000022       0x34 C:/ST/STM32CubeCLT_1.16.0/GNU-tools-for-STM32/bin/../lib/gcc/arm-none-eabi/12.3.1/thumb/v7e-m+fp/hard/crtbegin.o
 .ARM.attributes
                0x00000056       0x34 C:/ST/STM32CubeCLT_1.16.0/GNU-tools-for-STM32/bin/../lib/gcc/arm-none-eabi/12.3.1/../../../../arm-none-eabi/lib/thumb/v7e-m+fp/hard\libc_nano.a(libc_a-memset.o)
 .ARM.attributes
                0x0000008a       0x34 C:/ST/STM32CubeCLT_1.16.0/GNU-tools-for-STM32/bin/../lib/gcc/arm-none-eabi/12.3.1/../../../../arm-none-eabi/lib/thumb/v7e-m+fp/hard\libc_nano.a(libc_a-init.o)
 .ARM.attributes
                0x000000be       0x34 CMakeFiles/TIM2ADC1.dir/Core/Src/main.c.obj
 .ARM.attributes
                0x000000f2       0x34 CMakeFiles/TIM2ADC1.dir/Core/Src/stm32f4xx_it.c.obj
 .ARM.attributes
                0x00000126       0x34 CMakeFiles/TIM2ADC1.dir/Core/Src/stm32f4xx_hal_msp.c.obj
 .ARM.attributes
                0x0000015a       0x34 CMakeFiles/TIM2ADC1.dir/Drivers/STM32F4xx_HAL_Driver/Src/stm32f4xx_hal_rcc.c.obj
 .ARM.attributes
                0x0000018e       0x34 CMakeFiles/TIM2ADC1.dir/Drivers/STM32F4xx_HAL_Driver/Src/stm32f4xx_hal_gpio.c.obj
 .ARM.attributes
                0x000001c2       0x34 CMakeFiles/TIM2ADC1.dir/Drivers/STM32F4xx_HAL_Driver/Src/stm32f4xx_hal_cortex.c.obj
 .ARM.attributes
                0x000001f6       0x34 CMakeFiles/TIM2ADC1.dir/Drivers/STM32F4xx_HAL_Driver/Src/stm32f4xx_hal.c.obj
 .ARM.attributes
                0x0000022a       0x34 CMakeFiles/TIM2ADC1.dir/Core/Src/system_stm32f4xx.c.obj
 .ARM.attributes
                0x0000025e       0x21 CMakeFiles/TIM2ADC1.dir/startup_stm32f411xe.s.obj
 .ARM.attributes
                0x0000027f       0x22 C:/ST/STM32CubeCLT_1.16.0/GNU-tools-for-STM32/bin/../lib/gcc/arm-none-eabi/12.3.1/thumb/v7e-m+fp/hard\libgcc.a(_aeabi_uldivmod.o)
 .ARM.attributes
                0x000002a1       0x34 C:/ST/STM32CubeCLT_1.16.0/GNU-tools-for-STM32/bin/../lib/gcc/arm-none-eabi/12.3.1/thumb/v7e-m+fp/hard\libgcc.a(_udivmoddi4.o)
 .ARM.attributes
                0x000002d5       0x22 C:/ST/STM32CubeCLT_1.16.0/GNU-tools-for-STM32/bin/../lib/gcc/arm-none-eabi/12.3.1/thumb/v7e-m+fp/hard\libgcc.a(_dvmd_tls.o)
 .ARM.attributes
                0x000002f7       0x22 C:/ST/STM32CubeCLT_1.16.0/GNU-tools-for-STM32/bin/../lib/gcc/arm-none-eabi/12.3.1/thumb/v7e-m+fp/hard/crtn.o
OUTPUT(TIM2ADC1.elf elf32-littlearm)
LOAD linker stubs
LOAD C:/ST/STM32CubeCLT_1.16.0/GNU-tools-for-STM32/bin/../lib/gcc/arm-none-eabi/12.3.1/../../../../arm-none-eabi/lib/thumb/v7e-m+fp/hard\libc.a
LOAD C:/ST/STM32CubeCLT_1.16.0/GNU-tools-for-STM32/bin/../lib/gcc/arm-none-eabi/12.3.1/../../../../arm-none-eabi/lib/thumb/v7e-m+fp/hard\libm.a
LOAD C:/ST/STM32CubeCLT_1.16.0/GNU-tools-for-STM32/bin/../lib/gcc/arm-none-eabi/12.3.1/thumb/v7e-m+fp/hard\libgcc.a

.debug_frame    0x00000000      0xea4
 .debug_frame   0x00000000       0x20 C:/ST/STM32CubeCLT_1.16.0/GNU-tools-for-STM32/bin/../lib/gcc/arm-none-eabi/12.3.1/../../../../arm-none-eabi/lib/thumb/v7e-m+fp/hard\libc_nano.a(libc_a-memset.o)
 .debug_frame   0x00000020       0x2c C:/ST/STM32CubeCLT_1.16.0/GNU-tools-for-STM32/bin/../lib/gcc/arm-none-eabi/12.3.1/../../../../arm-none-eabi/lib/thumb/v7e-m+fp/hard\libc_nano.a(libc_a-init.o)
 .debug_frame   0x0000004c       0x8c CMakeFiles/TIM2ADC1.dir/Core/Src/main.c.obj
 .debug_frame   0x000000d8      0x120 CMakeFiles/TIM2ADC1.dir/Core/Src/stm32f4xx_it.c.obj
 .debug_frame   0x000001f8       0x38 CMakeFiles/TIM2ADC1.dir/Core/Src/stm32f4xx_hal_msp.c.obj
 .debug_frame   0x00000230      0x1f4 CMakeFiles/TIM2ADC1.dir/Drivers/STM32F4xx_HAL_Driver/Src/stm32f4xx_hal_rcc.c.obj
 .debug_frame   0x00000424      0x14c CMakeFiles/TIM2ADC1.dir/Drivers/STM32F4xx_HAL_Driver/Src/stm32f4xx_hal_gpio.c.obj
 .debug_frame   0x00000570      0x508 CMakeFiles/TIM2ADC1.dir/Drivers/STM32F4xx_HAL_Driver/Src/stm32f4xx_hal_cortex.c.obj
 .debug_frame   0x00000a78      0x374 CMakeFiles/TIM2ADC1.dir/Drivers/STM32F4xx_HAL_Driver/Src/stm32f4xx_hal.c.obj
 .debug_frame   0x00000dec       0x58 CMakeFiles/TIM2ADC1.dir/Core/Src/system_stm32f4xx.c.obj
 .debug_frame   0x00000e44       0x2c C:/ST/STM32CubeCLT_1.16.0/GNU-tools-for-STM32/bin/../lib/gcc/arm-none-eabi/12.3.1/thumb/v7e-m+fp/hard\libgcc.a(_aeabi_uldivmod.o)
 .debug_frame   0x00000e70       0x34 C:/ST/STM32CubeCLT_1.16.0/GNU-tools-for-STM32/bin/../lib/gcc/arm-none-eabi/12.3.1/thumb/v7e-m+fp/hard\libgcc.a(_udivmoddi4.o)

.debug_info     0x00000000     0x3787
 .debug_info    0x00000000      0x882 CMakeFiles/TIM2ADC1.dir/Core/Src/main.c.obj
 .debug_info    0x00000882      0x15d CMakeFiles/TIM2ADC1.dir/Core/Src/stm32f4xx_it.c.obj
 .debug_info    0x000009df      0x291 CMakeFiles/TIM2ADC1.dir/Core/Src/stm32f4xx_hal_msp.c.obj
 .debug_info    0x00000c70      0x8f0 CMakeFiles/TIM2ADC1.dir/Drivers/STM32F4xx_HAL_Driver/Src/stm32f4xx_hal_rcc.c.obj
 .debug_info    0x00001560      0x6f9 CMakeFiles/TIM2ADC1.dir/Drivers/STM32F4xx_HAL_Driver/Src/stm32f4xx_hal_gpio.c.obj
 .debug_info    0x00001c59      0xcfc CMakeFiles/TIM2ADC1.dir/Drivers/STM32F4xx_HAL_Driver/Src/stm32f4xx_hal_cortex.c.obj
 .debug_info    0x00002955      0x8c4 CMakeFiles/TIM2ADC1.dir/Drivers/STM32F4xx_HAL_Driver/Src/stm32f4xx_hal.c.obj
 .debug_info    0x00003219      0x53e CMakeFiles/TIM2ADC1.dir/Core/Src/system_stm32f4xx.c.obj
 .debug_info    0x00003757       0x30 CMakeFiles/TIM2ADC1.dir/startup_stm32f411xe.s.obj

.debug_abbrev   0x00000000      0xee1
 .debug_abbrev  0x00000000      0x227 CMakeFiles/TIM2ADC1.dir/Core/Src/main.c.obj
 .debug_abbrev  0x00000227       0xb3 CMakeFiles/TIM2ADC1.dir/Core/Src/stm32f4xx_it.c.obj
 .debug_abbrev  0x000002da       0xd8 CMakeFiles/TIM2ADC1.dir/Core/Src/stm32f4xx_hal_msp.c.obj
 .debug_abbrev  0x000003b2      0x2b6 CMakeFiles/TIM2ADC1.dir/Drivers/STM32F4xx_HAL_Driver/Src/stm32f4xx_hal_rcc.c.obj
 .debug_abbrev  0x00000668      0x1d3 CMakeFiles/TIM2ADC1.dir/Drivers/STM32F4xx_HAL_Driver/Src/stm32f4xx_hal_gpio.c.obj
 .debug_abbrev  0x0000083b      0x31d CMakeFiles/TIM2ADC1.dir/Drivers/STM32F4xx_HAL_Driver/Src/stm32f4xx_hal_cortex.c.obj
 .debug_abbrev  0x00000b58      0x24b CMakeFiles/TIM2ADC1.dir/Drivers/STM32F4xx_HAL_Driver/Src/stm32f4xx_hal.c.obj
 .debug_abbrev  0x00000da3      0x11a CMakeFiles/TIM2ADC1.dir/Core/Src/system_stm32f4xx.c.obj
 .debug_abbrev  0x00000ebd       0x24 CMakeFiles/TIM2ADC1.dir/startup_stm32f411xe.s.obj

.debug_aranges  0x00000000      0x410
 .debug_aranges
                0x00000000       0x38 CMakeFiles/TIM2ADC1.dir/Core/Src/main.c.obj
 .debug_aranges
                0x00000038       0x68 CMakeFiles/TIM2ADC1.dir/Core/Src/stm32f4xx_it.c.obj
 .debug_aranges
                0x000000a0       0x20 CMakeFiles/TIM2ADC1.dir/Core/Src/stm32f4xx_hal_msp.c.obj
 .debug_aranges
                0x000000c0       0x88 CMakeFiles/TIM2ADC1.dir/Drivers/STM32F4xx_HAL_Driver/Src/stm32f4xx_hal_rcc.c.obj
 .debug_aranges
                0x00000148       0x58 CMakeFiles/TIM2ADC1.dir/Drivers/STM32F4xx_HAL_Driver/Src/stm32f4xx_hal_gpio.c.obj
 .debug_aranges
                0x000001a0      0x130 CMakeFiles/TIM2ADC1.dir/Drivers/STM32F4xx_HAL_Driver/Src/stm32f4xx_hal_cortex.c.obj
 .debug_aranges
                0x000002d0       0xf0 CMakeFiles/TIM2ADC1.dir/Drivers/STM32F4xx_HAL_Driver/Src/stm32f4xx_hal.c.obj
 .debug_aranges
                0x000003c0       0x28 CMakeFiles/TIM2ADC1.dir/Core/Src/system_stm32f4xx.c.obj
 .debug_aranges
                0x000003e8       0x28 CMakeFiles/TIM2ADC1.dir/startup_stm32f411xe.s.obj

.debug_rnglists
                0x00000000      0x2ea
 .debug_rnglists
                0x00000000       0x27 CMakeFiles/TIM2ADC1.dir/Core/Src/main.c.obj
 .debug_rnglists
                0x00000027       0x49 CMakeFiles/TIM2ADC1.dir/Core/Src/stm32f4xx_it.c.obj
 .debug_rnglists
                0x00000070       0x13 CMakeFiles/TIM2ADC1.dir/Core/Src/stm32f4xx_hal_msp.c.obj
 .debug_rnglists
                0x00000083       0x66 CMakeFiles/TIM2ADC1.dir/Drivers/STM32F4xx_HAL_Driver/Src/stm32f4xx_hal_rcc.c.obj
 .debug_rnglists
                0x000000e9       0x3f CMakeFiles/TIM2ADC1.dir/Drivers/STM32F4xx_HAL_Driver/Src/stm32f4xx_hal_gpio.c.obj
 .debug_rnglists
                0x00000128       0xe0 CMakeFiles/TIM2ADC1.dir/Drivers/STM32F4xx_HAL_Driver/Src/stm32f4xx_hal_cortex.c.obj
 .debug_rnglists
                0x00000208       0xaf CMakeFiles/TIM2ADC1.dir/Drivers/STM32F4xx_HAL_Driver/Src/stm32f4xx_hal.c.obj
 .debug_rnglists
                0x000002b7       0x1a CMakeFiles/TIM2ADC1.dir/Core/Src/system_stm32f4xx.c.obj
 .debug_rnglists
                0x000002d1       0x19 CMakeFiles/TIM2ADC1.dir/startup_stm32f411xe.s.obj

.debug_macro    0x00000000    0x143d9
 .debug_macro   0x00000000      0x1c8 CMakeFiles/TIM2ADC1.dir/Core/Src/main.c.obj
 .debug_macro   0x000001c8      0xab4 CMakeFiles/TIM2ADC1.dir/Core/Src/main.c.obj
 .debug_macro   0x00000c7c      0x28f CMakeFiles/TIM2ADC1.dir/Core/Src/main.c.obj
 .debug_macro   0x00000f0b       0x2e CMakeFiles/TIM2ADC1.dir/Core/Src/main.c.obj
 .debug_macro   0x00000f39       0x28 CMakeFiles/TIM2ADC1.dir/Core/Src/main.c.obj
 .debug_macro   0x00000f61       0x22 CMakeFiles/TIM2ADC1.dir/Core/Src/main.c.obj
 .debug_macro   0x00000f83       0x8e CMakeFiles/TIM2ADC1.dir/Core/Src/main.c.obj
 .debug_macro   0x00001011       0x51 CMakeFiles/TIM2ADC1.dir/Core/Src/main.c.obj
 .debug_macro   0x00001062      0x103 CMakeFiles/TIM2ADC1.dir/Core/Src/main.c.obj
 .debug_macro   0x00001165       0x6a CMakeFiles/TIM2ADC1.dir/Core/Src/main.c.obj
 .debug_macro   0x000011cf      0x1df CMakeFiles/TIM2ADC1.dir/Core/Src/main.c.obj
 .debug_macro   0x000013ae       0x1c CMakeFiles/TIM2ADC1.dir/Core/Src/main.c.obj
 .debug_macro   0x000013ca       0x22 CMakeFiles/TIM2ADC1.dir/Core/Src/main.c.obj
 .debug_macro   0x000013ec       0xfb CMakeFiles/TIM2ADC1.dir/Core/Src/main.c.obj
 .debug_macro   0x000014e7     0x1011 CMakeFiles/TIM2ADC1.dir/Core/Src/main.c.obj
 .debug_macro   0x000024f8      0x11f CMakeFiles/TIM2ADC1.dir/Core/Src/main.c.obj
 .debug_macro   0x00002617     0xb953 CMakeFiles/TIM2ADC1.dir/Core/Src/main.c.obj
 .debug_macro   0x0000df6a       0x6d CMakeFiles/TIM2ADC1.dir/Core/Src/main.c.obj
 .debug_macro   0x0000dfd7     0x369a CMakeFiles/TIM2ADC1.dir/Core/Src/main.c.obj
 .debug_macro   0x00011671      0x189 CMakeFiles/TIM2ADC1.dir/Core/Src/main.c.obj
 .debug_macro   0x000117fa       0x5c CMakeFiles/TIM2ADC1.dir/Core/Src/main.c.obj
 .debug_macro   0x00011856      0x45c CMakeFiles/TIM2ADC1.dir/Core/Src/main.c.obj
 .debug_macro   0x00011cb2      0x9e9 CMakeFiles/TIM2ADC1.dir/Core/Src/main.c.obj
 .debug_macro   0x0001269b      0x115 CMakeFiles/TIM2ADC1.dir/Core/Src/main.c.obj
 .debug_macro   0x000127b0      0x11b CMakeFiles/TIM2ADC1.dir/Core/Src/main.c.obj
 .debug_macro   0x000128cb       0xa5 CMakeFiles/TIM2ADC1.dir/Core/Src/main.c.obj
 .debug_macro   0x00012970      0x15f CMakeFiles/TIM2ADC1.dir/Core/Src/main.c.obj
 .debug_macro   0x00012acf      0x287 CMakeFiles/TIM2ADC1.dir/Core/Src/main.c.obj
 .debug_macro   0x00012d56       0x5f CMakeFiles/TIM2ADC1.dir/Core/Src/main.c.obj
 .debug_macro   0x00012db5      0x236 CMakeFiles/TIM2ADC1.dir/Core/Src/main.c.obj
 .debug_macro   0x00012feb      0x132 CMakeFiles/TIM2ADC1.dir/Core/Src/main.c.obj
 .debug_macro   0x0001311d      0x264 CMakeFiles/TIM2ADC1.dir/Core/Src/main.c.obj
 .debug_macro   0x00013381       0x2e CMakeFiles/TIM2ADC1.dir/Core/Src/main.c.obj
 .debug_macro   0x000133af      0x127 CMakeFiles/TIM2ADC1.dir/Core/Src/main.c.obj
 .debug_macro   0x000134d6       0x85 CMakeFiles/TIM2ADC1.dir/Core/Src/main.c.obj
 .debug_macro   0x0001355b       0x89 CMakeFiles/TIM2ADC1.dir/Core/Src/main.c.obj
 .debug_macro   0x000135e4      0x126 CMakeFiles/TIM2ADC1.dir/Core/Src/main.c.obj
 .debug_macro   0x0001370a       0x22 CMakeFiles/TIM2ADC1.dir/Core/Src/main.c.obj
 .debug_macro   0x0001372c       0x22 CMakeFiles/TIM2ADC1.dir/Core/Src/main.c.obj
 .debug_macro   0x0001374e      0x1d2 CMakeFiles/TIM2ADC1.dir/Core/Src/stm32f4xx_it.c.obj
 .debug_macro   0x00013920      0x1bf CMakeFiles/TIM2ADC1.dir/Core/Src/stm32f4xx_hal_msp.c.obj
 .debug_macro   0x00013adf      0x1d4 CMakeFiles/TIM2ADC1.dir/Drivers/STM32F4xx_HAL_Driver/Src/stm32f4xx_hal_rcc.c.obj
 .debug_macro   0x00013cb3      0x1b6 CMakeFiles/TIM2ADC1.dir/Drivers/STM32F4xx_HAL_Driver/Src/stm32f4xx_hal_gpio.c.obj
 .debug_macro   0x00013e69      0x1b0 CMakeFiles/TIM2ADC1.dir/Drivers/STM32F4xx_HAL_Driver/Src/stm32f4xx_hal_cortex.c.obj
 .debug_macro   0x00014019      0x210 CMakeFiles/TIM2ADC1.dir/Drivers/STM32F4xx_HAL_Driver/Src/stm32f4xx_hal.c.obj
 .debug_macro   0x00014229      0x1b0 CMakeFiles/TIM2ADC1.dir/Core/Src/system_stm32f4xx.c.obj

.debug_line     0x00000000     0x5102
 .debug_line    0x00000000      0x813 CMakeFiles/TIM2ADC1.dir/Core/Src/main.c.obj
 .debug_line    0x00000813      0x84a CMakeFiles/TIM2ADC1.dir/Core/Src/stm32f4xx_it.c.obj
 .debug_line    0x0000105d      0x75c CMakeFiles/TIM2ADC1.dir/Core/Src/stm32f4xx_hal_msp.c.obj
 .debug_line    0x000017b9      0xdd2 CMakeFiles/TIM2ADC1.dir/Drivers/STM32F4xx_HAL_Driver/Src/stm32f4xx_hal_rcc.c.obj
 .debug_line    0x0000258b      0xb99 CMakeFiles/TIM2ADC1.dir/Drivers/STM32F4xx_HAL_Driver/Src/stm32f4xx_hal_gpio.c.obj
 .debug_line    0x00003124      0xd3b CMakeFiles/TIM2ADC1.dir/Drivers/STM32F4xx_HAL_Driver/Src/stm32f4xx_hal_cortex.c.obj
 .debug_line    0x00003e5f      0xa49 CMakeFiles/TIM2ADC1.dir/Drivers/STM32F4xx_HAL_Driver/Src/stm32f4xx_hal.c.obj
 .debug_line    0x000048a8      0x7e0 CMakeFiles/TIM2ADC1.dir/Core/Src/system_stm32f4xx.c.obj
 .debug_line    0x00005088       0x7a CMakeFiles/TIM2ADC1.dir/startup_stm32f411xe.s.obj

.debug_str      0x00000000    0x7f75a
 .debug_str     0x00000000    0x7e641 CMakeFiles/TIM2ADC1.dir/Core/Src/main.c.obj
                              0x7e8dc (size before relaxing)
 .debug_str     0x0007e641      0x132 CMakeFiles/TIM2ADC1.dir/Core/Src/stm32f4xx_it.c.obj
                              0x7e240 (size before relaxing)
 .debug_str     0x0007e773       0x6b CMakeFiles/TIM2ADC1.dir/Core/Src/stm32f4xx_hal_msp.c.obj
                              0x7e23a (size before relaxing)
 .debug_str     0x0007e7de      0x300 CMakeFiles/TIM2ADC1.dir/Drivers/STM32F4xx_HAL_Driver/Src/stm32f4xx_hal_rcc.c.obj
                              0x7e68b (size before relaxing)
 .debug_str     0x0007eade      0x157 CMakeFiles/TIM2ADC1.dir/Drivers/STM32F4xx_HAL_Driver/Src/stm32f4xx_hal_gpio.c.obj
                              0x7e3d2 (size before relaxing)
 .debug_str     0x0007ec35      0x46b CMakeFiles/TIM2ADC1.dir/Drivers/STM32F4xx_HAL_Driver/Src/stm32f4xx_hal_cortex.c.obj
                              0x7e9ed (size before relaxing)
 .debug_str     0x0007f0a0      0x5bd CMakeFiles/TIM2ADC1.dir/Drivers/STM32F4xx_HAL_Driver/Src/stm32f4xx_hal.c.obj
                              0x7ec83 (size before relaxing)
 .debug_str     0x0007f65d       0x89 CMakeFiles/TIM2ADC1.dir/Core/Src/system_stm32f4xx.c.obj
                              0x7e257 (size before relaxing)
 .debug_str     0x0007f6e6       0x74 CMakeFiles/TIM2ADC1.dir/startup_stm32f411xe.s.obj
                                 0xc2 (size before relaxing)

.comment        0x00000000       0x43
 .comment       0x00000000       0x43 CMakeFiles/TIM2ADC1.dir/Core/Src/main.c.obj
                                 0x44 (size before relaxing)
 .comment       0x00000043       0x44 CMakeFiles/TIM2ADC1.dir/Core/Src/stm32f4xx_it.c.obj
 .comment       0x00000043       0x44 CMakeFiles/TIM2ADC1.dir/Core/Src/stm32f4xx_hal_msp.c.obj
 .comment       0x00000043       0x44 CMakeFiles/TIM2ADC1.dir/Drivers/STM32F4xx_HAL_Driver/Src/stm32f4xx_hal_rcc.c.obj
 .comment       0x00000043       0x44 CMakeFiles/TIM2ADC1.dir/Drivers/STM32F4xx_HAL_Driver/Src/stm32f4xx_hal_gpio.c.obj
 .comment       0x00000043       0x44 CMakeFiles/TIM2ADC1.dir/Drivers/STM32F4xx_HAL_Driver/Src/stm32f4xx_hal_cortex.c.obj
 .comment       0x00000043       0x44 CMakeFiles/TIM2ADC1.dir/Drivers/STM32F4xx_HAL_Driver/Src/stm32f4xx_hal.c.obj
 .comment       0x00000043       0x44 CMakeFiles/TIM2ADC1.dir/Core/Src/system_stm32f4xx.c.obj

.debug_line_str
                0x00000000       0xa6
 .debug_line_str
                0x00000000       0xa6 CMakeFiles/TIM2ADC1.dir/startup_stm32f411xe.s.obj
